// Jest Snapshot v1, https://goo.gl/fbAQLP

exports[`rendering 1`] = `"<div class=\\"MuiBox-root MuiBox-root-1\\"><div class=\\"MuiBox-root MuiBox-root-2\\"><div class=\\"MuiLinearProgress-root WithStyles(ForwardRef(LinearProgress))-root-3 MuiLinearProgress-colorPrimary MuiLinearProgress-determinate\\" role=\\"progressbar\\" aria-valuenow=\\"50\\" aria-valuemin=\\"0\\" aria-valuemax=\\"100\\"><div class=\\"MuiLinearProgress-bar WithStyles(ForwardRef(LinearProgress))-bar-4 MuiLinearProgress-barColorPrimary MuiLinearProgress-bar1Determinate\\" style=\\"transform: translateX(-50%);\\"></div></div></div><div class=\\"MuiBox-root MuiBox-root-5\\"><p class=\\"MuiTypography-root text MuiTypography-body1\\">50%</p></div></div>"`;
